// Jest Snapshot v1, https://goo.gl/fbAQLP

exports[`The deck! full deck cards 1`] = `"Order Two Units Left,Order Two Units Left,Order Two Units Left,Order Two Units Center,Order Two Units Center,Order Two Units Center,Order Two Units Center,Order Two Units Right,Order Two Units Right,Order Two Units Right,Order Three Units Left,Order Three Units Left,Order Three Units Left,Order Three Units Center,Order Three Units Center,Order Three Units Center,Order Three Units Center,Order Three Units Right,Order Three Units Right,Order Three Units Right,Order Four Units Left,Order Four Units Center,Order Four Units Right,Order Light Troops,Order Light Troops,Order Light Troops,Order Light Troops,Order Medium Troops,Order Medium Troops,Order Medium Troops,Order Heavy Troops,Order Heavy Troops,Darken the Sky,Move Fire Move,Move Fire Move"`;
