// Jest Snapshot v1, https://goo.gl/fbAQLP

exports[`2 on 2 1`] = `
"333/2000: undefined -> Roman play one card -> 1
 333/2000: PlayCard(Order Heavy Troops) -> Roman order 3 heavy units -> 1
  333/1999: End phase -> Roman movement -> 1
   333/1998: MacroCommand(Move [-1,6] to [0,5],Move [0,6] to [1,5]) -> Roman battle -> 3
    CHANCE/49: Close Combat from [1,5] to [1,4] -> Roman battle -> 6
     -8/8: Close Combat from [1,5] to [1,4] -> Roman attacker retreat -> 2
      -4/4: Retreat [1,5] to [0,6] -> Roman battle -> 2
      -4/4: Retreat [1,5] to [1,6] -> Roman battle -> 2
     -17/20: Close Combat from [1,5] to [1,4] -> Carthaginian retreat -> 2
      0/0: Retreat [1,4] to [2,3] -> Roman advance after combat -> 0
      17/20: Retreat [1,4] to [1,3] -> Roman advance after combat -> 2
     -4/7: Close Combat from [1,5] to [1,4] -> Roman attacker retreat -> 2
      -2/5: Retreat [1,5] to [0,6] -> Roman battle -> 2
      -2/2: Retreat [1,5] to [1,6] -> Roman battle -> 2
     -4/4: Close Combat from [1,5] to [1,4] -> Carthaginian retreat -> 2
      4/4: Retreat [1,4] to [2,3] -> Roman advance after combat -> 2
      0/0: Retreat [1,4] to [1,3] -> Roman advance after combat -> 0
     -2/2: Close Combat from [1,5] to [1,4] -> Carthaginian retreat -> 2
      2/2: Retreat [1,4] to [2,3] -> Roman advance after combat -> 2
      0/0: Retreat [1,4] to [1,3] -> Roman advance after combat -> 0
     2/7: Close Combat from [1,5] to [1,4] -> Roman attacker retreat -> 2
      2/4: Retreat [1,5] to [0,6] -> Roman battle -> 2
      0/3: Retreat [1,5] to [1,6] -> Roman battle -> 2
    CHANCE/740: Close Combat from [0,5] to [0,4] -> Roman battle -> 2
     -137/472: Close Combat from [0,5] to [0,4] -> Carthaginian retreat -> 2
      0/0: Retreat [0,4] to [0,3] -> Roman advance after combat -> 0
      137/472: Retreat [0,4] to [1,3] -> Roman advance after combat -> 2
     84/267: Close Combat from [0,5] to [0,4] -> Roman attacker retreat -> 2
      81/209: Retreat [0,5] to [-1,6] -> Roman battle -> 1
      3/58: Retreat [0,5] to [0,6] -> Roman battle -> 1
    CHANCE/1210: Close Combat from [0,5] to [1,4] -> Roman battle -> 5
     126/347: Close Combat from [0,5] to [1,4] -> Roman attacker retreat -> 2
      131/298: Retreat [0,5] to [-1,6] -> Roman battle -> 1
      -5/49: Retreat [0,5] to [0,6] -> Roman battle -> 1
     108/511: Close Combat from [0,5] to [1,4] -> Carthaginian retreat -> 2
      -108/511: Retreat [1,4] to [2,3] -> Roman advance after combat -> 2
      0/0: Retreat [1,4] to [1,3] -> Roman advance after combat -> 0
     -70/133: Close Combat from [0,5] to [1,4] -> Carthaginian retreat -> 2
      70/133: Retreat [1,4] to [2,3] -> Roman advance after combat -> 2
      0/0: Retreat [1,4] to [1,3] -> Roman advance after combat -> 0
     -66/110: Close Combat from [0,5] to [1,4] -> Roman attacker retreat -> 2
      -32/52: Retreat [0,5] to [-1,6] -> Roman battle -> 1
      -34/58: Retreat [0,5] to [0,6] -> Roman battle -> 1
     -76/108: Close Combat from [0,5] to [1,4] -> Carthaginian retreat -> 2
      76/108: Retreat [1,4] to [2,3] -> Roman advance after combat -> 2
      0/0: Retreat [1,4] to [1,3] -> Roman advance after combat -> 0
"
`;

exports[`close combat from light to heavy 1`] = `
"-24/30: undefined -> Roman play one card -> 1
 -24/30: PlayCard(Order Light Troops) -> Roman order 1 light units -> 1
  -24/29: End phase -> Roman movement -> 1
   -23/28: MacroCommand(Move [2,3] to [3,2]) -> Roman battle -> 1
    CHANCE/27: Close Combat from [3,2] to [2,2] -> Roman battle -> 5
     -1/4: Close Combat from [3,2] to [2,2] -> Carthaginian retreat -> 2
      1/4: Retreat [2,2] to [2,1] -> Roman advance after combat -> 2
       0/1: Momentum advance [3,2] to [2,2] -> Roman battle -> 0
       2/2: Skip Momentum Advance -> Roman battle -> 1
      0/0: Retreat [2,2] to [3,1] -> Roman advance after combat -> 0
     -8/8: Close Combat from [3,2] to [2,2] -> Roman attacker retreat -> 3
      -3/3: Retreat [3,2] to [2,4] -> Roman battle -> 1
       2/2: End phase -> Carthaginian play one card -> 1
      -2/2: Retreat [3,2] to [3,4] -> Roman battle -> 1
       2/2: End phase -> Carthaginian play one card -> 1
      -3/3: Retreat [3,2] to [1,4] -> Roman battle -> 1
       3/3: End phase -> Carthaginian play one card -> 1
     -4/4: Close Combat from [3,2] to [2,2] -> Roman attacker retreat -> 3
      -2/2: Retreat [3,2] to [1,4] -> Roman battle -> 1
       1/1: End phase -> Carthaginian play one card -> 0
      -1/1: Retreat [3,2] to [3,4] -> Roman battle -> 1
       1/1: End phase -> Carthaginian play one card -> 0
      -1/1: Retreat [3,2] to [2,4] -> Roman battle -> 1
       1/1: End phase -> Carthaginian play one card -> 0
     3/3: Close Combat from [3,2] to [2,2] -> Carthaginian retreat -> 2
      -3/3: Retreat [2,2] to [3,1] -> Roman advance after combat -> 2
       -1/1: Momentum advance [3,2] to [2,2] -> Roman battle -> 0
       -1/1: Skip Momentum Advance -> Roman battle -> 1
      0/0: Retreat [2,2] to [2,1] -> Roman advance after combat -> 0
     -7/7: Close Combat from [3,2] to [2,2] -> Roman battle -> 1
      7/7: End phase -> Carthaginian play one card -> 1
       6/6: PlayCard(Order Heavy Troops) -> Carthaginian order 1 heavy units -> 1
"
`;

exports[`melee 1`] = `
"600/2000: undefined -> Roman play one card -> 1
 600/2000: PlayCard(Order Heavy Troops) -> Roman order 3 heavy units -> 4
  216/666: OrderUnit([0,5],[1,5],[3,5]) -> Roman order 3 heavy units -> 1
   216/666: End phase -> Roman movement -> 1
    217/665: MacroCommand(Move [1,5] to [2,4],Move [0,5] to [1,4],Move [3,5] to [3,4]) -> Roman battle -> 5
     CHANCE/334: Close Combat from [3,4] to [3,3] -> Roman battle -> 3
      66/90: Close Combat from [3,4] to [3,3] -> Roman attacker retreat -> 2
      -3/208: Close Combat from [3,4] to [3,3] -> Carthaginian retreat -> 3
      31/35: Close Combat from [3,4] to [3,3] -> Roman attacker retreat -> 2
     CHANCE/151: Close Combat from [2,4] to [3,3] -> Roman battle -> 2
      12/56: Close Combat from [2,4] to [3,3] -> Roman attacker retreat -> 2
      -1/94: Close Combat from [2,4] to [3,3] -> Carthaginian retreat -> 3
     CHANCE/70: Close Combat from [1,4] to [2,3] -> Roman battle -> 2
      -28/42: Close Combat from [1,4] to [2,3] -> Carthaginian retreat -> 2
      19/27: Close Combat from [1,4] to [2,3] -> Roman attacker retreat -> 2
     CHANCE/31: Close Combat from [3,4] to [4,3] -> Roman battle -> 6
      -1/5: Close Combat from [3,4] to [4,3] -> Carthaginian retreat -> 2
      -12/13: Close Combat from [3,4] to [4,3] -> Carthaginian retreat -> 2
      -2/3: Close Combat from [3,4] to [4,3] -> Roman attacker retreat -> 2
      1/5: Close Combat from [3,4] to [4,3] -> Roman attacker retreat -> 2
      2/2: Close Combat from [3,4] to [4,3] -> Roman attacker retreat -> 2
      -2/2: Close Combat from [3,4] to [4,3] -> Carthaginian retreat -> 2
     CHANCE/82: Close Combat from [2,4] to [2,3] -> Roman battle -> 2
      18/34: Close Combat from [2,4] to [2,3] -> Roman attacker retreat -> 2
      -25/47: Close Combat from [2,4] to [2,3] -> Carthaginian retreat -> 2
  116/422: OrderUnit([0,5],[1,5],[2,5]) -> Roman order 3 heavy units -> 1
   116/422: End phase -> Roman movement -> 1
    117/421: MacroCommand(Move [1,5] to [2,4],Move [2,5] to [3,4],Move [0,5] to [1,4]) -> Roman battle -> 5
     CHANCE/22: Close Combat from [1,4] to [2,3] -> Roman battle -> 2
      -9/13: Close Combat from [1,4] to [2,3] -> Carthaginian retreat -> 2
      -1/8: Close Combat from [1,4] to [2,3] -> Roman attacker retreat -> 2
     CHANCE/43: Close Combat from [2,4] to [2,3] -> Roman battle -> 2
      10/18: Close Combat from [2,4] to [2,3] -> Roman attacker retreat -> 3
      -17/24: Close Combat from [2,4] to [2,3] -> Carthaginian retreat -> 2
     CHANCE/15: Close Combat from [3,4] to [4,3] -> Roman battle -> 5
      1/1: Close Combat from [3,4] to [4,3] -> Roman attacker retreat -> 2
      -2/2: Close Combat from [3,4] to [4,3] -> Carthaginian retreat -> 2
      -6/7: Close Combat from [3,4] to [4,3] -> Carthaginian retreat -> 2
      -1/2: Close Combat from [3,4] to [4,3] -> Roman attacker retreat -> 2
      -2/2: Close Combat from [3,4] to [4,3] -> Carthaginian retreat -> 2
     CHANCE/58: Close Combat from [2,4] to [3,3] -> Roman battle -> 2
      1/16: Close Combat from [2,4] to [3,3] -> Roman attacker retreat -> 3
      -4/41: Close Combat from [2,4] to [3,3] -> Carthaginian retreat -> 3
     CHANCE/286: Close Combat from [3,4] to [3,3] -> Roman battle -> 2
      14/169: Close Combat from [3,4] to [3,3] -> Carthaginian retreat -> 3
      81/116: Close Combat from [3,4] to [3,3] -> Roman attacker retreat -> 2
  257/756: OrderUnit([0,5],[2,5],[3,5]) -> Roman order 3 heavy units -> 1
   256/755: End phase -> Roman movement -> 1
    257/754: MacroCommand(Move [2,5] to [2,4],Move [0,5] to [1,4],Move [3,5] to [3,4]) -> Roman battle -> 5
     CHANCE/32: Close Combat from [1,4] to [2,3] -> Roman battle -> 2
      -15/18: Close Combat from [1,4] to [2,3] -> Carthaginian retreat -> 2
      -3/13: Close Combat from [1,4] to [2,3] -> Roman attacker retreat -> 2
     CHANCE/215: Close Combat from [2,4] to [3,3] -> Roman battle -> 2
      9/93: Close Combat from [2,4] to [3,3] -> Roman attacker retreat -> 2
      2/121: Close Combat from [2,4] to [3,3] -> Carthaginian retreat -> 3
     CHANCE/75: Close Combat from [3,4] to [4,3] -> Roman battle -> 6
      -4/8: Close Combat from [3,4] to [4,3] -> Carthaginian retreat -> 2
      2/12: Close Combat from [3,4] to [4,3] -> Roman attacker retreat -> 2
      -6/6: Close Combat from [3,4] to [4,3] -> Carthaginian retreat -> 2
      -17/30: Close Combat from [3,4] to [4,3] -> Carthaginian retreat -> 2
      5/12: Close Combat from [3,4] to [4,3] -> Roman attacker retreat -> 2
      2/6: Close Combat from [3,4] to [4,3] -> Roman attacker retreat -> 2
     CHANCE/150: Close Combat from [2,4] to [2,3] -> Roman battle -> 2
      17/62: Close Combat from [2,4] to [2,3] -> Roman attacker retreat -> 2
      -26/87: Close Combat from [2,4] to [2,3] -> Carthaginian retreat -> 2
     CHANCE/285: Close Combat from [3,4] to [3,3] -> Roman battle -> 3
      62/87: Close Combat from [3,4] to [3,3] -> Roman attacker retreat -> 2
      -71/164: Close Combat from [3,4] to [3,3] -> Carthaginian retreat -> 3
      28/33: Close Combat from [3,4] to [3,3] -> Roman attacker retreat -> 2
  12/155: OrderUnit([1,5],[2,5],[3,5]) -> Roman order 3 heavy units -> 1
   12/155: End phase -> Roman movement -> 1
    11/154: MacroCommand(Move [1,5] to [2,4],Move [2,5] to [3,4],Move [3,5] to [4,4]) -> Roman battle -> 5
     CHANCE/14: Close Combat from [2,4] to [2,3] -> Roman battle -> 2
      3/3: Close Combat from [2,4] to [2,3] -> Roman attacker retreat -> 2
      -8/10: Close Combat from [2,4] to [2,3] -> Carthaginian retreat -> 2
     CHANCE/42: Close Combat from [2,4] to [3,3] -> Roman battle -> 2
      4/14: Close Combat from [2,4] to [3,3] -> Roman attacker retreat -> 2
      3/27: Close Combat from [2,4] to [3,3] -> Carthaginian retreat -> 3
     CHANCE/40: Close Combat from [3,4] to [4,3] -> Roman battle -> 5
      9/14: Close Combat from [3,4] to [4,3] -> Roman attacker retreat -> 3
      0/16: Close Combat from [3,4] to [4,3] -> Carthaginian retreat -> 2
      1/1: Close Combat from [3,4] to [4,3] -> Roman attacker retreat -> 3
      0/4: Close Combat from [3,4] to [4,3] -> Carthaginian retreat -> 2
      -4/4: Close Combat from [3,4] to [4,3] -> Carthaginian retreat -> 2
     CHANCE/13: Close Combat from [4,4] to [4,3] -> Roman battle -> 5
      -1/1: Close Combat from [4,4] to [4,3] -> Carthaginian retreat -> 2
      -3/3: Close Combat from [4,4] to [4,3] -> Carthaginian retreat -> 2
      -3/3: Close Combat from [4,4] to [4,3] -> Carthaginian retreat -> 2
      2/4: Close Combat from [4,4] to [4,3] -> Roman attacker retreat -> 2
      0/1: Close Combat from [4,4] to [4,3] -> Roman attacker retreat -> 2
     CHANCE/48: Close Combat from [3,4] to [3,3] -> Roman battle -> 2
      18/30: Close Combat from [3,4] to [3,3] -> Carthaginian retreat -> 3
      -6/17: Close Combat from [3,4] to [3,3] -> Roman attacker retreat -> 3
"
`;
